Running witnesslint version 2.1.3-dev

--- Witness File Metadata ---
Witness File: /data3/sujie/experiments/v297-phase-boundary-witness-release-r3/parallel-misc-3-extended.graphml
Witness Size in Bytes: 3478
Witness Lines of Code: 65
Witness Hash: 54a7d038084d55a14c21e3943ea532dc705580f0ef9f74d60907eb233bf75426

--- Witness Information Before Linting ---
Witness Version: 1.0

--- Overview of analyzed program ---
name: /data3/sujie/experiments/v297-phase-boundary-witness-release-r3/parallel-misc-3-extended.wvr.c
num_chars: 2451
num_lines: 117
sha256_hash: 8cea87724a542982ff884c708bfc22195aa1904db80300e5b965108c3d86cb2f
function_names: []
sucessfully_parsed: False

--- Witness Content Information ---
Witness Type: correctness_witness
Witness Type-Match: Unknown
Producer: Deagle 4.1.0
Creation Time: 2026-07-30T06:07:41+08:00
Architecture: 32bit
Program File: /home/lapulatos/svcomp2026-caat/sv-benchmarks/c/weaver/parallel-misc-3-extended.wvr.c
Program Hash: 8CEA87724A542982FF884C708BFC22195AA1904DB80300E5B965108C3D86CB2F
Source-Code Language: C
Amount of Nodes: 2
Amount of Edges: 1
Amount of Invariants: 1
Specification: CHECK( init(main()), LTL(G ! call(reach_error())) )


witnesslint finished with exit code 0
