Running witnesslint version 2.1.3-dev

--- Witness File Metadata ---
Witness File: /data3/sujie/experiments/v297-phase-boundary-witness-release-r3/parallel-misc-3.graphml
Witness Size in Bytes: 3460
Witness Lines of Code: 65
Witness Hash: 1575e79842b002a957f0c64fb0dca23dae3b47c3a71156211a89d6f3d5c630a3

--- Witness Information Before Linting ---
Witness Version: 1.0

--- Overview of analyzed program ---
name: /data3/sujie/experiments/v297-phase-boundary-witness-release-r3/parallel-misc-3.wvr.c
num_chars: 2122
num_lines: 95
sha256_hash: b2ed7b18db6948b1f53058568aeeb46b9da6de135bdadf46ddc91e86240dfa66
function_names: []
sucessfully_parsed: False

--- Witness Content Information ---
Witness Type: correctness_witness
Witness Type-Match: Unknown
Producer: Deagle 4.1.0
Creation Time: 2026-07-30T06:07:41+08:00
Architecture: 32bit
Program File: /home/lapulatos/svcomp2026-caat/sv-benchmarks/c/weaver/parallel-misc-3.wvr.c
Program Hash: B2ED7B18DB6948B1F53058568AEEB46B9DA6DE135BDADF46DDC91E86240DFA66
Source-Code Language: C
Amount of Nodes: 2
Amount of Edges: 1
Amount of Invariants: 1
Specification: CHECK( init(main()), LTL(G ! call(reach_error())) )


witnesslint finished with exit code 0
