Running witnesslint version 2.1.3-dev

--- Witness File Metadata ---
Witness File: /data3/sujie/experiments/v300-comparator-wrapper-family-final-r7/symm/witness.graphml
Witness Size in Bytes: 3472
Witness Lines of Code: 65
Witness Hash: 58c1b643abde5792e4424326ba1b8ae6773318f17a012a11209d511762bbd468

--- Witness Information Before Linting ---
Witness Version: 1.0

--- Overview of analyzed program ---
name: /data3/sujie/svcomp2026-caat/sv-benchmarks/c/weaver/chl-name-comparator-symm.wvr.c
num_chars: 4359
num_lines: 134
sha256_hash: e3298e0ac573b72ea1dd21021e341a1c4e9f42cf513c1ea24a79ab2c37c412bc
function_names: []
sucessfully_parsed: False

--- Witness Content Information ---
Witness Type: correctness_witness
Witness Type-Match: True
Producer: Deagle 4.1.0
Creation Time: 2026-07-30T09:37:09+08:00
Architecture: 32bit
Program File: /data3/sujie/svcomp2026-caat/sv-benchmarks/c/weaver/chl-name-comparator-symm.wvr.c
Program Hash: E3298E0AC573B72EA1DD21021E341A1C4E9F42CF513C1EA24A79AB2C37C412BC
Source-Code Language: C
Amount of Nodes: 2
Amount of Edges: 1
Amount of Invariants: 1
Specification: CHECK( init(main()), LTL(G ! call(reach_error())) )


witnesslint finished with exit code 0
